******************************************************************************
                  TI ARM Linker Unix v20.2.7                   
******************************************************************************
>> Linked Wed May  6 23:12:15 2026

OUTPUT FILE NAME:   <Poster Assignment.out>
ENTRY POINT SYMBOL: "_c_int00_noargs"  address: 00006085


MEMORY CONFIGURATION

         name            origin    length      used     unused   attr    fill
----------------------  --------  ---------  --------  --------  ----  --------
  FLASH                 00000000   00040000  0000632f  00039cd1  R  X
  SRAM                  20000000   00008000  00001ef4  0000610c  RW X


SEGMENT ALLOCATION MAP

run origin  load origin   length   init length attrs members
----------  ----------- ---------- ----------- ----- -------
00000000    00000000    00006330   00006330    r-x
  00000000    00000000    0000026c   0000026c    r-- .intvecs
  0000026c    0000026c    00005f6c   00005f6c    r-x .text
  000061d8    000061d8    0000011f   0000011f    r-- .const
  000062f8    000062f8    00000038   00000038    r-- .cinit
20000000    20000000    00001ef8   00000000    rw-
  20000000    20000000    00001c9c   00000000    rw- .bss
  20001ca0    20001ca0    00000200   00000000    rw- .stack
  20001ea0    20001ea0    00000058   00000000    rw- .data


SECTION ALLOCATION MAP

 output                                  attributes/
section   page    origin      length       input sections
--------  ----  ----------  ----------   ----------------
.intvecs   0    00000000    0000026c     
                  00000000    0000026c     startup_frt.obj (.intvecs)

.text      0    0000026c    00005f6c     
                  0000026c    00001d30     tasks.obj (.text)
                  00001f9c    00000bea     queue.obj (.text)
                  00002b86    00000002     rtsv7M4_T_le_v4SPD16_eabi.lib : div0.asm.obj (.text)
                  00002b88    00000a4e                                   : _printfi.c.obj (.text:__TI_printfi)
                  000035d6    00000002     --HOLE-- [fill = 0]
                  000035d8    00000958     app.obj (.text)
                  00003f30    00000308     lcd.obj (.text)
                  00004238    00000270     rtsv7M4_T_le_v4SPD16_eabi.lib : _printfi.c.obj (.text:_pconv_a)
                  000044a8    000001d8     heap_2.obj (.text)
                  00004680    000001d0     rtsv7M4_T_le_v4SPD16_eabi.lib : _printfi.c.obj (.text:_pconv_g)
                  00004850    000001b6                                   : fd_add_t2.asm.obj (.text)
                  00004a06    00000002     --HOLE-- [fill = 0]
                  00004a08    000001a8     keypad.obj (.text)
                  00004bb0    00000180     led.obj (.text)
                  00004d30    0000013c     rtsv7M4_T_le_v4SPD16_eabi.lib : _printfi.c.obj (.text:_pconv_e)
                  00004e6c    0000013c     port.obj (.text)
                  00004fa8    00000136     rtsv7M4_T_le_v4SPD16_eabi.lib : fd_div_t2.asm.obj (.text)
                  000050de    0000012a     list.obj (.text)
                  00005208    00000124     rtsv7M4_T_le_v4SPD16_eabi.lib : _printfi.c.obj (.text:fcvt)
                  0000532c    0000011c     digiswitch.obj (.text)
                  00005448    00000114     main.obj (.text)
                  0000555c    00000110     rtsv7M4_T_le_v4SPD16_eabi.lib : s_scalbn.c.obj (.text:scalbn)
                  0000566c    00000108     switches.obj (.text)
                  00005774    000000fc     rtsv7M4_T_le_v4SPD16_eabi.lib : fd_mul_t2.asm.obj (.text)
                  00005870    000000da     portasm.obj (.text)
                  0000594a    00000002     --HOLE-- [fill = 0]
                  0000594c    000000b1     rtsv7M4_T_le_v4SPD16_eabi.lib : _printfi.c.obj (.text:_ltostr)
                  000059fd    00000001     --HOLE-- [fill = 0]
                  000059fe    0000009c                                   : memcpy_t2.asm.obj (.text)
                  00005a9a    00000096                                   : ull_div_t2.asm.obj (.text)
                  00005b30    00000086                                   : fd_cmp_t2.asm.obj (.text:__aeabi_cdcmple)
                  00005bb6    00000086                                   : fd_cmp_t2.asm.obj (.text:__aeabi_cdrcmple)
                  00005c3c    0000007a                                   : memset_t2.asm.obj (.text)
                  00005cb6    0000006e                                   : _printfi.c.obj (.text:_mcpy)
                  00005d24    00000068                                   : copy_decompress_lzss.c.obj (.text:decompress:lzss:__TI_decompress_lzss)
                  00005d8c    00000064                                   : s_frexp.c.obj (.text:frexp)
                  00005df0    00000056                                   : _printfi.c.obj (.text:_pconv_f)
                  00005e46    00000054                                   : _ltoa.c.obj (.text:__TI_ltoa)
                  00005e9a    00000052                                   : _printfi.c.obj (.text:_ecpy)
                  00005eec    0000004c                                   : atoi.c.obj (.text:atoi)
                  00005f38    0000004c                                   : snprintf.c.obj (.text:snprintf)
                  00005f84    00000048                                   : fd_toi_t2.asm.obj (.text)
                  00005fcc    00000044                                   : autoinit.c.obj (.text:__TI_auto_init_nobinit_nopinit:__TI_auto_init_nobinit_nopinit)
                  00006010    0000003e                                   : _printfi.c.obj (.text:_fcpy)
                  0000604e    00000036                                   : strncpy.c.obj (.text:strncpy)
                  00006084    00000034                                   : boot_cortex_m.c.obj (.text:_c_int00_noargs:_c_int00_noargs)
                  000060b8    00000030                                   : snprintf.c.obj (.text:_outs)
                  000060e8    0000002e                                   : i_tofd_t2.asm.obj (.text)
                  00006116    0000001c                                   : memccpy.c.obj (.text:memccpy)
                  00006132    0000001a                                   : s_copysign.c.obj (.text:copysign)
                  0000614c    00000018                                   : snprintf.c.obj (.text:_outc)
                  00006164    00000016                                   : strchr.c.obj (.text:strchr)
                  0000617a    00000014                                   : strlen.c.obj (.text:strlen)
                  0000618e    00000012                                   : wcslen.c.obj (.text:wcslen)
                  000061a0    0000000e                                   : copy_decompress_none.c.obj (.text:decompress:none:__TI_decompress_none)
                  000061ae    0000000c                                   : copy_zero_init.c.obj (.text:decompress:ZI:__TI_zero_init)
                  000061ba    0000000c     startup_frt.obj (.text)
                  000061c6    00000002     --HOLE-- [fill = 0]
                  000061c8    00000008     rtsv7M4_T_le_v4SPD16_eabi.lib : errno.c.obj (.text:__aeabi_errno_addr)
                  000061d0    00000004                                   : pre_init.c.obj (.text:_system_pre_init)
                  000061d4    00000004                                   : exit.c.obj (.text:abort:abort)

.const     0    000061d8    0000011f     
                  000061d8    00000101     rtsv7M4_T_le_v4SPD16_eabi.lib : ctype.c.obj (.const:.string:_ctypes_)
                  000062d9    0000000c     keypad.obj (.const:keymap$1)
                  000062e5    00000001     --HOLE-- [fill = 0]
                  000062e6    00000006     app.obj (.const:$P$T0$1)
                  000062ec    00000004     port.obj (.const)
                  000062f0    00000004     tasks.obj (.const)
                  000062f4    00000003     keypad.obj (.const:.string:$P$T0$2)

.cinit     0    000062f8    00000038     
                  000062f8    00000012     (.cinit..data.load) [load image, compression = lzss]
                  0000630a    00000002     --HOLE-- [fill = 0]
                  0000630c    0000000c     (__TI_handler_table)
                  00006318    00000008     (.cinit..bss.load) [load image, compression = zero_init]
                  00006320    00000010     (__TI_cinit_table)

.init_array 
*          0    00000000    00000000     UNINITIALIZED

.bss       0    20000000    00001c9c     UNINITIALIZED
                  20000000    00001b58     heap_2.obj (.bss:ucHeap)
                  20001b58    000000c8     tasks.obj (.bss:pxReadyTasksLists)
                  20001c20    00000014     tasks.obj (.bss:xDelayedTaskList1)
                  20001c34    00000014     tasks.obj (.bss:xDelayedTaskList2)
                  20001c48    00000014     tasks.obj (.bss:xPendingReadyList)
                  20001c5c    00000014     tasks.obj (.bss:xSuspendedTaskList)
                  20001c70    00000014     tasks.obj (.bss:xTasksWaitingTermination)
                  20001c84    00000008     tasks.obj (.bss)
                  20001c8c    00000008     heap_2.obj (.bss:xEnd)
                  20001c94    00000008     heap_2.obj (.bss:xStart)

.data      0    20001ea0    00000058     UNINITIALIZED
                  20001ea0    00000034     tasks.obj (.data)
                  20001ed4    00000011     app.obj (.data)
                  20001ee5    00000003     --HOLE--
                  20001ee8    00000008     heap_2.obj (.data)
                  20001ef0    00000004     port.obj (.data)
                  20001ef4    00000004     rtsv7M4_T_le_v4SPD16_eabi.lib : errno.c.obj (.data)

.stack     0    20001ca0    00000200     UNINITIALIZED
                  20001ca0    00000004     rtsv7M4_T_le_v4SPD16_eabi.lib : boot_cortex_m.c.obj (.stack)
                  20001ca4    000001fc     --HOLE--

__llvm_prf_cnts 
*          0    20000000    00000000     UNINITIALIZED

MODULE SUMMARY

       Module                       code    ro data   rw data
       ------                       ----    -------   -------
    ./
       tasks.obj                    7472    4         360    
       heap_2.obj                   472     0         7024   
       queue.obj                    3050    0         0      
       app.obj                      2392    6         17     
       lcd.obj                      776     0         0      
       startup_frt.obj              12      620       0      
       keypad.obj                   424     15        0      
       led.obj                      384     0         0      
       port.obj                     316     4         4      
       list.obj                     298     0         0      
       digiswitch.obj               284     0         0      
       main.obj                     276     0         0      
       switches.obj                 264     0         0      
       portasm.obj                  218     0         0      
    +--+----------------------------+-------+---------+---------+
       Total:                       16638   649       7405   
                                                             
    /Applications/ti/ccs1281/ccs/tools/compiler/ti-cgt-arm_20.2.7.LTS/lib/rtsv7M4_T_le_v4SPD16_eabi.lib
       _printfi.c.obj               4851    0         0      
       fd_add_t2.asm.obj            438     0         0      
       fd_div_t2.asm.obj            310     0         0      
       s_scalbn.c.obj               272     0         0      
       fd_cmp_t2.asm.obj            268     0         0      
       ctype.c.obj                  0       257       0      
       fd_mul_t2.asm.obj            252     0         0      
       memcpy_t2.asm.obj            156     0         0      
       ull_div_t2.asm.obj           150     0         0      
       snprintf.c.obj               148     0         0      
       memset_t2.asm.obj            122     0         0      
       copy_decompress_lzss.c.obj   104     0         0      
       s_frexp.c.obj                100     0         0      
       _ltoa.c.obj                  84      0         0      
       atoi.c.obj                   76      0         0      
       fd_toi_t2.asm.obj            72      0         0      
       autoinit.c.obj               68      0         0      
       strncpy.c.obj                54      0         0      
       boot_cortex_m.c.obj          52      0         0      
       i_tofd_t2.asm.obj            46      0         0      
       memccpy.c.obj                28      0         0      
       s_copysign.c.obj             26      0         0      
       strchr.c.obj                 22      0         0      
       strlen.c.obj                 20      0         0      
       wcslen.c.obj                 18      0         0      
       copy_decompress_none.c.obj   14      0         0      
       copy_zero_init.c.obj         12      0         0      
       errno.c.obj                  8       0         4      
       exit.c.obj                   4       0         0      
       pre_init.c.obj               4       0         0      
       div0.asm.obj                 2       0         0      
    +--+----------------------------+-------+---------+---------+
       Total:                       7781    257       4      
                                                             
       Stack:                       0       0         512    
       Linker Generated:            0       54        0      
    +--+----------------------------+-------+---------+---------+
       Grand Total:                 24419   960       7921   


LINKER GENERATED COPY TABLES

__TI_cinit_table @ 00006320 records: 2, size/record: 8, table size: 16
	.data: load addr=000062f8, load size=00000012 bytes, run addr=20001ea0, run size=00000058 bytes, compression=lzss
	.bss: load addr=00006318, load size=00000008 bytes, run addr=20000000, run size=00001c9c bytes, compression=zero_init


LINKER GENERATED HANDLER TABLE

__TI_handler_table @ 0000630c records: 3, size/record: 4, table size: 12
	index: 0, handler: __TI_decompress_lzss
	index: 1, handler: __TI_decompress_none
	index: 2, handler: __TI_zero_init


GLOBAL SYMBOLS: SORTED ALPHABETICALLY BY Name 

address   name                               
-------   ----                               
00003729  App_Task                           
000061d5  C$$EXIT                            
0000535d  DigiSwitch_Init                    
0000538b  DigiSwitch_Task                    
00004a47  Keypad_Init                        
00004a93  Keypad_Scan                        
00004b39  Keypad_Task                        
00004095  LCD_Init                           
000041b1  LCD_Task                           
00004c1b  Led_Init                           
00004c49  Led_Task                           
000061bb  ResetISR                           
0000566d  Switch_Init                        
000056b3  Switch_Task                        
20001ea0  __STACK_END                        
00000200  __STACK_SIZE                       
20001ea0  __STACK_TOP                        
00006320  __TI_CINIT_Base                    
00006330  __TI_CINIT_Limit                   
0000630c  __TI_Handler_Table_Base            
00006318  __TI_Handler_Table_Limit           
00005fcd  __TI_auto_init_nobinit_nopinit     
00005d25  __TI_decompress_lzss               
000061a1  __TI_decompress_none               
00005e47  __TI_ltoa                          
ffffffff  __TI_pprof_out_hndl                
00002b89  __TI_printfi                       
ffffffff  __TI_prof_data_size                
ffffffff  __TI_prof_data_start               
00000000  __TI_static_base__                 
000061af  __TI_zero_init                     
00005b31  __aeabi_cdcmpeq                    
00005b31  __aeabi_cdcmple                    
00005bb7  __aeabi_cdrcmple                   
00005f85  __aeabi_d2iz                       
0000485b  __aeabi_dadd                       
00004fa9  __aeabi_ddiv                       
00005775  __aeabi_dmul                       
00004851  __aeabi_dsub                       
000061c9  __aeabi_errno_addr                 
000060e9  __aeabi_i2d                        
00002b87  __aeabi_idiv0                      
00002b87  __aeabi_ldiv0                      
00005c3d  __aeabi_memclr                     
00005c3d  __aeabi_memclr4                    
00005c3d  __aeabi_memclr8                    
000059ff  __aeabi_memcpy                     
000059ff  __aeabi_memcpy4                    
000059ff  __aeabi_memcpy8                    
00005c3f  __aeabi_memset                     
00005c3f  __aeabi_memset4                    
00005c3f  __aeabi_memset8                    
00005a9b  __aeabi_uldivmod                   
ffffffff  __binit__                          
ffffffff  __c_args__                         
UNDEFED   __mpu_init                         
20001ca0  __stack                            
20000000  __start___llvm_prf_cnts            
20000000  __stop___llvm_prf_cnts             
00006085  _c_int00_noargs                    
000061d8  _ctypes_                           
UNDEFED   _system_post_cinit                 
000061d1  _system_pre_init                   
000061d5  abort                              
00005eed  atoi                               
ffffffff  binit                              
00006133  copysign                           
00006133  copysignl                          
20001ee4  cupPlaced                          
20001ef4  errno                              
00005d8d  frexp                              
00005d8d  frexpl                             
00000000  g_pfnVectors                       
0000555d  ldexp                              
0000555d  ldexpl                             
00005449  main                               
00006117  memccpy                            
000059ff  memcpy                             
00005c45  memset                             
00000d11  pcTaskGetName                      
000044a9  pvPortMalloc                       
000017c9  pvTaskIncrementMutexHeldCount      
20001ea0  pxCurrentTCB                       
00004e6d  pxPortInitialiseStack              
0000555d  scalbn                             
0000555d  scalbnl                            
00005f39  snprintf                           
00006165  strchr                             
0000617b  strlen                             
0000604f  strncpy                            
000062ec  ulMaxSyscallInterruptPriority      
00005881  ulPortGetIPSR                      
000017e9  ulTaskGenericNotifyTake            
00001e59  ulTaskGenericNotifyValueClear      
000051c1  uxListRemove                       
000028d5  uxQueueMessagesWaiting             
0000290b  uxQueueMessagesWaitingFromISR      
000028eb  uxQueueSpacesAvailable             
00000d01  uxTaskGetNumberOfTasks             
00000621  uxTaskPriorityGet                  
0000064d  uxTaskPriorityGetFromISR           
000017a1  uxTaskResetEventItemValue          
000062f0  uxTopUsedPriority                  
000050df  vListInitialise                    
0000510f  vListInitialiseItem                
0000515b  vListInsert                        
0000511f  vListInsertEnd                     
0000593d  vPortEnableVFP                     
00004f0d  vPortEndScheduler                  
00004f0f  vPortEnterCritical                 
00004f2f  vPortExitCritical                  
000045c1  vPortFree                          
00004625  vPortInitialiseBlocks              
000058f9  vPortSVCHandler                    
00004f6b  vPortSetupTimerInterrupt           
00005919  vPortStartFirstTask                
00002921  vQueueDelete                       
000005eb  vTaskDelay                         
000004a3  vTaskDelete                        
00000b17  vTaskEndScheduler                  
00001cb1  vTaskGenericNotifyGiveFromISR      
000012bd  vTaskInternalSetTimeOutState       
00001361  vTaskMissedYield                   
00000f9b  vTaskPlaceOnEventList              
00000fbd  vTaskPlaceOnUnorderedEventList     
000016a1  vTaskPriorityDisinheritAfterTimeout
000006a9  vTaskPrioritySet                   
00001195  vTaskRemoveFromUnorderedEventList  
0000092b  vTaskResume                        
0000129f  vTaskSetTimeOutState               
00000acd  vTaskStartScheduler                
00000801  vTaskSuspend                       
00000b33  vTaskSuspendAll                    
00000f39  vTaskSwitchContext                 
0000618f  wcslen                             
20001ee0  xAppTaskHandle                     
20001ed4  xInputQueue                        
20001ed8  xLcdQueue                          
20001edc  xLedQueue                          
0000461f  xPortGetFreeHeapSize               
00005899  xPortPendSVHandler                 
00004ed7  xPortStartScheduler                
00004f45  xPortSysTickHandler                
0000213f  xQueueCreateMutex                  
0000206f  xQueueGenericCreate                
00001f9d  xQueueGenericReset                 
000021eb  xQueueGenericSend                  
00002319  xQueueGenericSendFromISR           
000023bb  xQueueGiveFromISR                  
0000216b  xQueueGiveMutexRecursive           
00002b1b  xQueueIsQueueEmptyFromISR          
00002b61  xQueueIsQueueFullFromISR           
000026c7  xQueuePeek                         
00002883  xQueuePeekFromISR                  
0000244f  xQueueReceive                      
000027e9  xQueueReceiveFromISR               
0000256d  xQueueSemaphoreTake                
000021a7  xQueueTakeMutexRecursive           
00000d31  xTaskCatchUpTicks                  
000012dd  xTaskCheckForTimeOut               
0000026d  xTaskCreate                        
0000055b  xTaskDelayUntil                    
00001951  xTaskGenericNotify                 
00001ad9  xTaskGenericNotifyFromISR          
00001e09  xTaskGenericNotifyStateClear       
0000188f  xTaskGenericNotifyWait             
00001465  xTaskGetCurrentTaskHandle          
00000cd5  xTaskGetTickCount                  
00000ce9  xTaskGetTickCountFromISR           
00000d6d  xTaskIncrementTick                 
000015a9  xTaskPriorityDisinherit            
00001489  xTaskPriorityInherit               
00001035  xTaskRemoveFromEventList           
00000b49  xTaskResumeAll                     
000009f5  xTaskResumeFromISR                 


GLOBAL SYMBOLS: SORTED BY Symbol Address 

address   name                               
-------   ----                               
00000000  __TI_static_base__                 
00000000  g_pfnVectors                       
00000200  __STACK_SIZE                       
0000026d  xTaskCreate                        
000004a3  vTaskDelete                        
0000055b  xTaskDelayUntil                    
000005eb  vTaskDelay                         
00000621  uxTaskPriorityGet                  
0000064d  uxTaskPriorityGetFromISR           
000006a9  vTaskPrioritySet                   
00000801  vTaskSuspend                       
0000092b  vTaskResume                        
000009f5  xTaskResumeFromISR                 
00000acd  vTaskStartScheduler                
00000b17  vTaskEndScheduler                  
00000b33  vTaskSuspendAll                    
00000b49  xTaskResumeAll                     
00000cd5  xTaskGetTickCount                  
00000ce9  xTaskGetTickCountFromISR           
00000d01  uxTaskGetNumberOfTasks             
00000d11  pcTaskGetName                      
00000d31  xTaskCatchUpTicks                  
00000d6d  xTaskIncrementTick                 
00000f39  vTaskSwitchContext                 
00000f9b  vTaskPlaceOnEventList              
00000fbd  vTaskPlaceOnUnorderedEventList     
00001035  xTaskRemoveFromEventList           
00001195  vTaskRemoveFromUnorderedEventList  
0000129f  vTaskSetTimeOutState               
000012bd  vTaskInternalSetTimeOutState       
000012dd  xTaskCheckForTimeOut               
00001361  vTaskMissedYield                   
00001465  xTaskGetCurrentTaskHandle          
00001489  xTaskPriorityInherit               
000015a9  xTaskPriorityDisinherit            
000016a1  vTaskPriorityDisinheritAfterTimeout
000017a1  uxTaskResetEventItemValue          
000017c9  pvTaskIncrementMutexHeldCount      
000017e9  ulTaskGenericNotifyTake            
0000188f  xTaskGenericNotifyWait             
00001951  xTaskGenericNotify                 
00001ad9  xTaskGenericNotifyFromISR          
00001cb1  vTaskGenericNotifyGiveFromISR      
00001e09  xTaskGenericNotifyStateClear       
00001e59  ulTaskGenericNotifyValueClear      
00001f9d  xQueueGenericReset                 
0000206f  xQueueGenericCreate                
0000213f  xQueueCreateMutex                  
0000216b  xQueueGiveMutexRecursive           
000021a7  xQueueTakeMutexRecursive           
000021eb  xQueueGenericSend                  
00002319  xQueueGenericSendFromISR           
000023bb  xQueueGiveFromISR                  
0000244f  xQueueReceive                      
0000256d  xQueueSemaphoreTake                
000026c7  xQueuePeek                         
000027e9  xQueueReceiveFromISR               
00002883  xQueuePeekFromISR                  
000028d5  uxQueueMessagesWaiting             
000028eb  uxQueueSpacesAvailable             
0000290b  uxQueueMessagesWaitingFromISR      
00002921  vQueueDelete                       
00002b1b  xQueueIsQueueEmptyFromISR          
00002b61  xQueueIsQueueFullFromISR           
00002b87  __aeabi_idiv0                      
00002b87  __aeabi_ldiv0                      
00002b89  __TI_printfi                       
00003729  App_Task                           
00004095  LCD_Init                           
000041b1  LCD_Task                           
000044a9  pvPortMalloc                       
000045c1  vPortFree                          
0000461f  xPortGetFreeHeapSize               
00004625  vPortInitialiseBlocks              
00004851  __aeabi_dsub                       
0000485b  __aeabi_dadd                       
00004a47  Keypad_Init                        
00004a93  Keypad_Scan                        
00004b39  Keypad_Task                        
00004c1b  Led_Init                           
00004c49  Led_Task                           
00004e6d  pxPortInitialiseStack              
00004ed7  xPortStartScheduler                
00004f0d  vPortEndScheduler                  
00004f0f  vPortEnterCritical                 
00004f2f  vPortExitCritical                  
00004f45  xPortSysTickHandler                
00004f6b  vPortSetupTimerInterrupt           
00004fa9  __aeabi_ddiv                       
000050df  vListInitialise                    
0000510f  vListInitialiseItem                
0000511f  vListInsertEnd                     
0000515b  vListInsert                        
000051c1  uxListRemove                       
0000535d  DigiSwitch_Init                    
0000538b  DigiSwitch_Task                    
00005449  main                               
0000555d  ldexp                              
0000555d  ldexpl                             
0000555d  scalbn                             
0000555d  scalbnl                            
0000566d  Switch_Init                        
000056b3  Switch_Task                        
00005775  __aeabi_dmul                       
00005881  ulPortGetIPSR                      
00005899  xPortPendSVHandler                 
000058f9  vPortSVCHandler                    
00005919  vPortStartFirstTask                
0000593d  vPortEnableVFP                     
000059ff  __aeabi_memcpy                     
000059ff  __aeabi_memcpy4                    
000059ff  __aeabi_memcpy8                    
000059ff  memcpy                             
00005a9b  __aeabi_uldivmod                   
00005b31  __aeabi_cdcmpeq                    
00005b31  __aeabi_cdcmple                    
00005bb7  __aeabi_cdrcmple                   
00005c3d  __aeabi_memclr                     
00005c3d  __aeabi_memclr4                    
00005c3d  __aeabi_memclr8                    
00005c3f  __aeabi_memset                     
00005c3f  __aeabi_memset4                    
00005c3f  __aeabi_memset8                    
00005c45  memset                             
00005d25  __TI_decompress_lzss               
00005d8d  frexp                              
00005d8d  frexpl                             
00005e47  __TI_ltoa                          
00005eed  atoi                               
00005f39  snprintf                           
00005f85  __aeabi_d2iz                       
00005fcd  __TI_auto_init_nobinit_nopinit     
0000604f  strncpy                            
00006085  _c_int00_noargs                    
000060e9  __aeabi_i2d                        
00006117  memccpy                            
00006133  copysign                           
00006133  copysignl                          
00006165  strchr                             
0000617b  strlen                             
0000618f  wcslen                             
000061a1  __TI_decompress_none               
000061af  __TI_zero_init                     
000061bb  ResetISR                           
000061c9  __aeabi_errno_addr                 
000061d1  _system_pre_init                   
000061d5  C$$EXIT                            
000061d5  abort                              
000061d8  _ctypes_                           
000062ec  ulMaxSyscallInterruptPriority      
000062f0  uxTopUsedPriority                  
0000630c  __TI_Handler_Table_Base            
00006318  __TI_Handler_Table_Limit           
00006320  __TI_CINIT_Base                    
00006330  __TI_CINIT_Limit                   
20000000  __start___llvm_prf_cnts            
20000000  __stop___llvm_prf_cnts             
20001ca0  __stack                            
20001ea0  __STACK_END                        
20001ea0  __STACK_TOP                        
20001ea0  pxCurrentTCB                       
20001ed4  xInputQueue                        
20001ed8  xLcdQueue                          
20001edc  xLedQueue                          
20001ee0  xAppTaskHandle                     
20001ee4  cupPlaced                          
20001ef4  errno                              
ffffffff  __TI_pprof_out_hndl                
ffffffff  __TI_prof_data_size                
ffffffff  __TI_prof_data_start               
ffffffff  __binit__                          
ffffffff  __c_args__                         
ffffffff  binit                              
UNDEFED   __mpu_init                         
UNDEFED   _system_post_cinit                 

[175 symbols]
